---
http_interactions:
- request:
    method: get
    uri: https://api.themoviedb.org/3/movie/290?api_key=Sike you thought
    body:
      encoding: US-ASCII
      string: ''
    headers:
      Api-Key:
      - Sike you thought
      User-Agent:
      - Faraday v2.3.0
      Accept-Encoding:
      - gzip;q=1.0,deflate;q=0.6,identity;q=0.3
      Accept:
      - "*/*"
  response:
    status:
      code: 200
      message: OK
    headers:
      Content-Type:
      - application/json;charset=utf-8
      Transfer-Encoding:
      - chunked
      Connection:
      - keep-alive
      Date:
      - Mon, 23 May 2022 17:16:18 GMT
      Server:
      - openresty
      Access-Control-Allow-Origin:
      - "*"
      Access-Control-Allow-Methods:
      - GET, HEAD, POST, PUT, DELETE, OPTIONS
      Access-Control-Expose-Headers:
      - ETag, X-RateLimit-Limit, X-RateLimit-Remaining, X-RateLimit-Reset, Retry-After,
        Content-Length, Content-Range
      Cache-Control:
      - public, max-age=28800
      X-Memc:
      - HIT
      X-Memc-Key:
      - d7dca9fc1457d9f7124c477007e07fb817785ee9
      X-Memc-Age:
      - '5139'
      X-Memc-Expires:
      - '11876'
      Etag:
      - W/"25a794c8b58da4bb2fdf36f4f69300eb"
      Vary:
      - Accept-Encoding
      X-Cache:
      - Hit from cloudfront
      Via:
      - 1.1 c1923648567bf97d3117cd3896d4cfd8.cloudfront.net (CloudFront)
      X-Amz-Cf-Pop:
      - DEN52-C1
      X-Amz-Cf-Id:
      - 3-KD4JPeM2hzDQ4pf1EIsW-WbQ7W2VlLXv6_nwhKb-OfhoAPRhPatw==
      Age:
      - '1492'
    body:
      encoding: ASCII-8BIT
      string: '{"adult":false,"backdrop_path":"/hjGLcwWg2F0BJB1zUFMzwrm7uqg.jpg","belongs_to_collection":null,"budget":9000000,"genres":[{"id":35,"name":"Comedy"},{"id":18,"name":"Drama"},{"id":80,"name":"Crime"}],"homepage":"","id":290,"imdb_id":"tt0101410","original_language":"en","original_title":"Barton
        Fink","overview":"A renowned New York playwright is enticed to California
        to write for the movies and discovers the hellish truth of Hollywood.","popularity":9.957,"poster_path":"/846d8FclibtOIoUW7PxpT0nCG4C.jpg","production_companies":[{"id":10163,"logo_path":"/16KWBMmfPX0aJzDExDrPxSLj0Pg.png","name":"Working
        Title Films","origin_country":"GB"},{"id":11273,"logo_path":null,"name":"Circle
        Films","origin_country":""},{"id":25,"logo_path":"/qZCc1lty5FzX30aOCVRBLzaVmcp.png","name":"20th
        Century Fox","origin_country":"US"}],"production_countries":[{"iso_3166_1":"GB","name":"United
        Kingdom"},{"iso_3166_1":"US","name":"United States of America"}],"release_date":"1991-08-01","revenue":6153939,"runtime":117,"spoken_languages":[{"english_name":"English","iso_639_1":"en","name":"English"}],"status":"Released","tagline":"What''s
        in his head","title":"Barton Fink","video":false,"vote_average":7.5,"vote_count":1303}'
  recorded_at: Mon, 23 May 2022 17:41:10 GMT
- request:
    method: get
    uri: https://api.themoviedb.org/3/movie/290?api_key=Sike you thought
    body:
      encoding: US-ASCII
      string: ''
    headers:
      Api-Key:
      - Sike you thought
      User-Agent:
      - Faraday v2.3.0
      Accept-Encoding:
      - gzip;q=1.0,deflate;q=0.6,identity;q=0.3
      Accept:
      - "*/*"
  response:
    status:
      code: 200
      message: OK
    headers:
      Content-Type:
      - application/json;charset=utf-8
      Transfer-Encoding:
      - chunked
      Connection:
      - keep-alive
      Date:
      - Mon, 23 May 2022 17:16:18 GMT
      Server:
      - openresty
      Access-Control-Allow-Origin:
      - "*"
      Access-Control-Allow-Methods:
      - GET, HEAD, POST, PUT, DELETE, OPTIONS
      Access-Control-Expose-Headers:
      - ETag, X-RateLimit-Limit, X-RateLimit-Remaining, X-RateLimit-Reset, Retry-After,
        Content-Length, Content-Range
      Cache-Control:
      - public, max-age=28800
      X-Memc:
      - HIT
      X-Memc-Key:
      - d7dca9fc1457d9f7124c477007e07fb817785ee9
      X-Memc-Age:
      - '5139'
      X-Memc-Expires:
      - '11876'
      Etag:
      - W/"25a794c8b58da4bb2fdf36f4f69300eb"
      Vary:
      - Accept-Encoding
      X-Cache:
      - Hit from cloudfront
      Via:
      - 1.1 f9a3ca802cab4ac43bafc4dd8667ef98.cloudfront.net (CloudFront)
      X-Amz-Cf-Pop:
      - DEN52-C1
      X-Amz-Cf-Id:
      - tmP6d4L7BbhmB4GIQxfBkeb7lQfBG-mscBPsxH6U5N_vx25G_SXEuw==
      Age:
      - '1492'
    body:
      encoding: ASCII-8BIT
      string: '{"adult":false,"backdrop_path":"/hjGLcwWg2F0BJB1zUFMzwrm7uqg.jpg","belongs_to_collection":null,"budget":9000000,"genres":[{"id":35,"name":"Comedy"},{"id":18,"name":"Drama"},{"id":80,"name":"Crime"}],"homepage":"","id":290,"imdb_id":"tt0101410","original_language":"en","original_title":"Barton
        Fink","overview":"A renowned New York playwright is enticed to California
        to write for the movies and discovers the hellish truth of Hollywood.","popularity":9.957,"poster_path":"/846d8FclibtOIoUW7PxpT0nCG4C.jpg","production_companies":[{"id":10163,"logo_path":"/16KWBMmfPX0aJzDExDrPxSLj0Pg.png","name":"Working
        Title Films","origin_country":"GB"},{"id":11273,"logo_path":null,"name":"Circle
        Films","origin_country":""},{"id":25,"logo_path":"/qZCc1lty5FzX30aOCVRBLzaVmcp.png","name":"20th
        Century Fox","origin_country":"US"}],"production_countries":[{"iso_3166_1":"GB","name":"United
        Kingdom"},{"iso_3166_1":"US","name":"United States of America"}],"release_date":"1991-08-01","revenue":6153939,"runtime":117,"spoken_languages":[{"english_name":"English","iso_639_1":"en","name":"English"}],"status":"Released","tagline":"What''s
        in his head","title":"Barton Fink","video":false,"vote_average":7.5,"vote_count":1303}'
  recorded_at: Mon, 23 May 2022 17:41:10 GMT
- request:
    method: get
    uri: https://api.themoviedb.org/3/movie/290?api_key=Sike you thought
    body:
      encoding: US-ASCII
      string: ''
    headers:
      Api-Key:
      - Sike you thought
      User-Agent:
      - Faraday v2.3.0
      Accept-Encoding:
      - gzip;q=1.0,deflate;q=0.6,identity;q=0.3
      Accept:
      - "*/*"
  response:
    status:
      code: 200
      message: OK
    headers:
      Content-Type:
      - application/json;charset=utf-8
      Transfer-Encoding:
      - chunked
      Connection:
      - keep-alive
      Date:
      - Mon, 23 May 2022 17:16:18 GMT
      Server:
      - openresty
      Access-Control-Allow-Origin:
      - "*"
      Access-Control-Allow-Methods:
      - GET, HEAD, POST, PUT, DELETE, OPTIONS
      Access-Control-Expose-Headers:
      - ETag, X-RateLimit-Limit, X-RateLimit-Remaining, X-RateLimit-Reset, Retry-After,
        Content-Length, Content-Range
      Cache-Control:
      - public, max-age=28800
      X-Memc:
      - HIT
      X-Memc-Key:
      - d7dca9fc1457d9f7124c477007e07fb817785ee9
      X-Memc-Age:
      - '5139'
      X-Memc-Expires:
      - '11876'
      Etag:
      - W/"25a794c8b58da4bb2fdf36f4f69300eb"
      Vary:
      - Accept-Encoding
      X-Cache:
      - Hit from cloudfront
      Via:
      - 1.1 12e4fc9256386a4cd8f000b9caa3e012.cloudfront.net (CloudFront)
      X-Amz-Cf-Pop:
      - DEN52-C1
      X-Amz-Cf-Id:
      - Z18AmTTmQJRCjli0aAGrsZX3F301TDNqBnOiUWYwmUd3j52JnGN01A==
      Age:
      - '1493'
    body:
      encoding: ASCII-8BIT
      string: '{"adult":false,"backdrop_path":"/hjGLcwWg2F0BJB1zUFMzwrm7uqg.jpg","belongs_to_collection":null,"budget":9000000,"genres":[{"id":35,"name":"Comedy"},{"id":18,"name":"Drama"},{"id":80,"name":"Crime"}],"homepage":"","id":290,"imdb_id":"tt0101410","original_language":"en","original_title":"Barton
        Fink","overview":"A renowned New York playwright is enticed to California
        to write for the movies and discovers the hellish truth of Hollywood.","popularity":9.957,"poster_path":"/846d8FclibtOIoUW7PxpT0nCG4C.jpg","production_companies":[{"id":10163,"logo_path":"/16KWBMmfPX0aJzDExDrPxSLj0Pg.png","name":"Working
        Title Films","origin_country":"GB"},{"id":11273,"logo_path":null,"name":"Circle
        Films","origin_country":""},{"id":25,"logo_path":"/qZCc1lty5FzX30aOCVRBLzaVmcp.png","name":"20th
        Century Fox","origin_country":"US"}],"production_countries":[{"iso_3166_1":"GB","name":"United
        Kingdom"},{"iso_3166_1":"US","name":"United States of America"}],"release_date":"1991-08-01","revenue":6153939,"runtime":117,"spoken_languages":[{"english_name":"English","iso_639_1":"en","name":"English"}],"status":"Released","tagline":"What''s
        in his head","title":"Barton Fink","video":false,"vote_average":7.5,"vote_count":1303}'
  recorded_at: Mon, 23 May 2022 17:41:10 GMT
- request:
    method: get
    uri: https://api.themoviedb.org/3/movie/290?api_key=Sike you thought
    body:
      encoding: US-ASCII
      string: ''
    headers:
      Api-Key:
      - Sike you thought
      User-Agent:
      - Faraday v2.3.0
      Accept-Encoding:
      - gzip;q=1.0,deflate;q=0.6,identity;q=0.3
      Accept:
      - "*/*"
  response:
    status:
      code: 200
      message: OK
    headers:
      Content-Type:
      - application/json;charset=utf-8
      Transfer-Encoding:
      - chunked
      Connection:
      - keep-alive
      Date:
      - Mon, 23 May 2022 17:16:18 GMT
      Server:
      - openresty
      Access-Control-Allow-Origin:
      - "*"
      Access-Control-Allow-Methods:
      - GET, HEAD, POST, PUT, DELETE, OPTIONS
      Access-Control-Expose-Headers:
      - ETag, X-RateLimit-Limit, X-RateLimit-Remaining, X-RateLimit-Reset, Retry-After,
        Content-Length, Content-Range
      Cache-Control:
      - public, max-age=28800
      X-Memc:
      - HIT
      X-Memc-Key:
      - d7dca9fc1457d9f7124c477007e07fb817785ee9
      X-Memc-Age:
      - '5139'
      X-Memc-Expires:
      - '11876'
      Etag:
      - W/"25a794c8b58da4bb2fdf36f4f69300eb"
      Vary:
      - Accept-Encoding
      X-Cache:
      - Hit from cloudfront
      Via:
      - 1.1 39c272e966ab7a6f8a68d2222276a954.cloudfront.net (CloudFront)
      X-Amz-Cf-Pop:
      - DEN52-C1
      X-Amz-Cf-Id:
      - ePHq8aTAZk7tZ0jrxvL7e75rouyTOTTEB0nrWGk1Yu2r7kypDKWXvw==
      Age:
      - '1493'
    body:
      encoding: ASCII-8BIT
      string: '{"adult":false,"backdrop_path":"/hjGLcwWg2F0BJB1zUFMzwrm7uqg.jpg","belongs_to_collection":null,"budget":9000000,"genres":[{"id":35,"name":"Comedy"},{"id":18,"name":"Drama"},{"id":80,"name":"Crime"}],"homepage":"","id":290,"imdb_id":"tt0101410","original_language":"en","original_title":"Barton
        Fink","overview":"A renowned New York playwright is enticed to California
        to write for the movies and discovers the hellish truth of Hollywood.","popularity":9.957,"poster_path":"/846d8FclibtOIoUW7PxpT0nCG4C.jpg","production_companies":[{"id":10163,"logo_path":"/16KWBMmfPX0aJzDExDrPxSLj0Pg.png","name":"Working
        Title Films","origin_country":"GB"},{"id":11273,"logo_path":null,"name":"Circle
        Films","origin_country":""},{"id":25,"logo_path":"/qZCc1lty5FzX30aOCVRBLzaVmcp.png","name":"20th
        Century Fox","origin_country":"US"}],"production_countries":[{"iso_3166_1":"GB","name":"United
        Kingdom"},{"iso_3166_1":"US","name":"United States of America"}],"release_date":"1991-08-01","revenue":6153939,"runtime":117,"spoken_languages":[{"english_name":"English","iso_639_1":"en","name":"English"}],"status":"Released","tagline":"What''s
        in his head","title":"Barton Fink","video":false,"vote_average":7.5,"vote_count":1303}'
  recorded_at: Mon, 23 May 2022 17:41:11 GMT
- request:
    method: get
    uri: https://api.themoviedb.org/3/movie/290?api_key=Sike you thought
    body:
      encoding: US-ASCII
      string: ''
    headers:
      Api-Key:
      - Sike you thought
      User-Agent:
      - Faraday v2.3.0
      Accept-Encoding:
      - gzip;q=1.0,deflate;q=0.6,identity;q=0.3
      Accept:
      - "*/*"
  response:
    status:
      code: 200
      message: OK
    headers:
      Content-Type:
      - application/json;charset=utf-8
      Transfer-Encoding:
      - chunked
      Connection:
      - keep-alive
      Date:
      - Mon, 23 May 2022 17:16:18 GMT
      Server:
      - openresty
      Access-Control-Allow-Origin:
      - "*"
      Access-Control-Allow-Methods:
      - GET, HEAD, POST, PUT, DELETE, OPTIONS
      Access-Control-Expose-Headers:
      - ETag, X-RateLimit-Limit, X-RateLimit-Remaining, X-RateLimit-Reset, Retry-After,
        Content-Length, Content-Range
      Cache-Control:
      - public, max-age=28800
      X-Memc:
      - HIT
      X-Memc-Key:
      - d7dca9fc1457d9f7124c477007e07fb817785ee9
      X-Memc-Age:
      - '5139'
      X-Memc-Expires:
      - '11876'
      Etag:
      - W/"25a794c8b58da4bb2fdf36f4f69300eb"
      Vary:
      - Accept-Encoding
      X-Cache:
      - Hit from cloudfront
      Via:
      - 1.1 3f7e5e686bf8f19b9c786efbe99c7588.cloudfront.net (CloudFront)
      X-Amz-Cf-Pop:
      - DEN52-C1
      X-Amz-Cf-Id:
      - 4wpkKqYM1sv6KnbNIZZMFoRUfI-7rlh42tIApIT5q4XPQsXsftR1vg==
      Age:
      - '1493'
    body:
      encoding: ASCII-8BIT
      string: '{"adult":false,"backdrop_path":"/hjGLcwWg2F0BJB1zUFMzwrm7uqg.jpg","belongs_to_collection":null,"budget":9000000,"genres":[{"id":35,"name":"Comedy"},{"id":18,"name":"Drama"},{"id":80,"name":"Crime"}],"homepage":"","id":290,"imdb_id":"tt0101410","original_language":"en","original_title":"Barton
        Fink","overview":"A renowned New York playwright is enticed to California
        to write for the movies and discovers the hellish truth of Hollywood.","popularity":9.957,"poster_path":"/846d8FclibtOIoUW7PxpT0nCG4C.jpg","production_companies":[{"id":10163,"logo_path":"/16KWBMmfPX0aJzDExDrPxSLj0Pg.png","name":"Working
        Title Films","origin_country":"GB"},{"id":11273,"logo_path":null,"name":"Circle
        Films","origin_country":""},{"id":25,"logo_path":"/qZCc1lty5FzX30aOCVRBLzaVmcp.png","name":"20th
        Century Fox","origin_country":"US"}],"production_countries":[{"iso_3166_1":"GB","name":"United
        Kingdom"},{"iso_3166_1":"US","name":"United States of America"}],"release_date":"1991-08-01","revenue":6153939,"runtime":117,"spoken_languages":[{"english_name":"English","iso_639_1":"en","name":"English"}],"status":"Released","tagline":"What''s
        in his head","title":"Barton Fink","video":false,"vote_average":7.5,"vote_count":1303}'
  recorded_at: Mon, 23 May 2022 17:41:11 GMT
recorded_with: VCR 6.1.0
